root@sofx1005puppet31018:~# cat /etc/puppetlabs/code/environments/production/modules/profile/manifests/base/packages.pp
# Packages which will be installed to all the VM's and CTs
# @param package. Array of strings, auto look-up by Hiera
class profile::base::packages (
    Array[String] $package,
) {
    package { $package:
        ensure => installed,
    }
}
root@sofx1005puppet31018:~#

root@sofx1005puppet31018:~# cat /etc/puppetlabs/code/environments/production/hiera/common.yaml
---
  test: 'This is a test'
  profile::base::packages:package:
    - 'lsb-release'
    - 'apt-listchanges'
    - 'iproute2'

root@sofx1005puppet31018:~#

root@sofx1005puppet31018:~# grep -B3 'profile::base::packages' /etc/puppetlabs/code/environments/production/manifests/sofx1005puppet31018.home.lan.pp
node 'sofx1005puppet31018.home.lan' {
  # include init
  # include init::packages
  include profile::base::packages
root@sofx1005puppet31018:~#

root@sofx1005puppet31018:~# puppet agent -t
Info: Using environment 'production'
Info: Retrieving pluginfacts
Info: Retrieving plugin
Info: Loading facts
Error: Could not retrieve catalog from remote server: Error 500 on SERVER: Server Error: Evaluation Error: Error while evaluating a Function Call, Class[Profile::Base::Packages]: expects a value for parameter 'package' (file: /etc/puppetlabs/code/environments/production/manifests/sofx1005puppet31018.home.lan.pp, line: 4, column: 3) on node sofx1005puppet31018.home.lan
Warning: Not using cache on failed catalog
Error: Could not retrieve catalog; skipping run
root@sofx1005puppet31018:~#

root@sofx1005puppet31018:~# puppet lookup profile::base::packages:package --node sofx1005puppet31018.home.lan --environment production
---
- lsb-release
- apt-listchanges
- iproute2
root@sofx1005puppet31018:~#