[    0.000000] Booting Linux on physical CPU 0x0
[    0.000000] Linux version 5.4.65-sunxi (root@test) (gcc version 9.2.1 2019102                                                                   5 (GNU Toolchain for the A-profile Architecture 9.2-2019.12 (arm-9.10))) #2.0.8                                                                    SMP Mon Oct 26 10:20:38 CST 2020
[    0.000000] CPU: ARMv7 Processor [410fc075] revision 5 (ARMv7), cr=50c5387d
[    0.000000] CPU: div instructions available: patching division code
[    0.000000] CPU: PIPT / VIPT nonaliasing data cache, VIPT aliasing instructio                                                                   n cache
[    0.000000] OF: fdt: Machine model: Xunlong Orange Pi PC
[    0.000000] Memory policy: Data cache writealloc
[    0.000000] cma: Reserved 128 MiB at 0x77c00000
[    0.000000] On node 0 totalpages: 262144
[    0.000000]   Normal zone: 1728 pages used for memmap
[    0.000000]   Normal zone: 0 pages reserved
[    0.000000]   Normal zone: 196608 pages, LIFO batch:63
[    0.000000]   HighMem zone: 65536 pages, LIFO batch:15
[    0.000000] psci: probing for conduit method from DT.
[    0.000000] psci: Using PSCI v0.1 Function IDs from DT
[    0.000000] percpu: Embedded 20 pages/cpu s50124 r8192 d23604 u81920
[    0.000000] pcpu-alloc: s50124 r8192 d23604 u81920 alloc=20*4096
[    0.000000] pcpu-alloc: [0] 0 [0] 1 [0] 2 [0] 3
[    0.000000] Built 1 zonelists, mobility grouping on.  Total pages: 260416
[    0.000000] Kernel command line: root=UUID=b67c277c-cf14-4b56-9e3d-1ea8d26851                                                                   c1 rootwait rootfstype=ext4 console=ttyS0,115200 console=tty1 hdmi.audio=EDID:0                                                                    disp.screen0_output_mode=1920x1080p60 consoleblank=0 loglevel=1 ubootpart=774768                                                                   02-01 ubootsource=mmc usb-storage.quirks=0x2537:0x1066:u,0x2537:0x1068:u   sunxi                                                                   _ve_mem_reserve=0 sunxi_g2d_mem_reserve=0 sunxi_fb_mem_reserve=16 cgroup_enable=                                                                   memory swapaccount=1
[    0.000000] Dentry cache hash table entries: 131072 (order: 7, 524288 bytes,                                                                    linear)
[    0.000000] Inode-cache hash table entries: 65536 (order: 6, 262144 bytes, li                                                                   near)
[    0.000000] allocated 1048576 bytes of page_ext
[    0.000000] mem auto-init: stack:off, heap alloc:on, heap free:off
[    0.000000] Memory: 881336K/1048576K available (8192K kernel code, 918K rwdat                                                                   a, 3016K rodata, 1024K init, 343K bss, 36168K reserved, 131072K cma-reserved, 13                                                                   1060K highmem)
[    0.000000] random: get_random_u32 called from __kmem_cache_create+0x1f/0x344                                                                    with crng_init=0
[    0.000000] SLUB: HWalign=64, Order=0-3, MinObjects=0, CPUs=4, Nodes=1
[    0.000000] ftrace: allocating 38710 entries in 76 pages
[    0.000000] rcu: Hierarchical RCU implementation.
[    0.000000] rcu:     RCU restricting CPUs from NR_CPUS=8 to nr_cpu_ids=4.
[    0.000000] rcu: RCU calculated value of scheduler-enlistment delay is 25 jif                                                                   fies.
[    0.000000] rcu: Adjusting geometry for rcu_fanout_leaf=16, nr_cpu_ids=4
[    0.000000] NR_IRQS: 16, nr_irqs: 16, preallocated irqs: 16
[    0.000000] GIC: Using split EOI/Deactivate mode
[    0.000000] clocksource: timer: mask: 0xffffffff max_cycles: 0xffffffff, max_                                                                   idle_ns: 79635851949 ns
[    0.000000] arch_timer: cp15 timer(s) running at 24.00MHz (phys).
[    0.000000] clocksource: arch_sys_counter: mask: 0xffffffffffffff max_cycles:                                                                    0x588fe9dc0, max_idle_ns: 440795202592 ns
[    0.000005] sched_clock: 56 bits at 24MHz, resolution 41ns, wraps every 43980                                                                   46511097ns
[    0.000013] Switching to timer-based delay loop, resolution 41ns
[    0.000232] Console: colour dummy device 80x30
[    0.000245] printk: console [tty1] enabled
[    0.000297] Calibrating delay loop (skipped), value calculated using timer fr                                                                   equency.. 48.00 BogoMIPS (lpj=96000)
[    0.000306] pid_max: default: 32768 minimum: 301
[    0.000497] LSM: Security Framework initializing
[    0.000575] Yama: becoming mindful.
[    0.000631] SELinux:  Initializing.
[    0.000716] *** VALIDATE SELinux ***
[    0.000726] TOMOYO Linux initialized
[    0.000794] Mount-cache hash table entries: 2048 (order: 1, 8192 bytes, linea                                                                   r)
[    0.000805] Mountpoint-cache hash table entries: 2048 (order: 1, 8192 bytes,                                                                    linear)
[    0.000887] *** VALIDATE tmpfs ***
[    0.001529] *** VALIDATE proc ***
[    0.001806] *** VALIDATE cgroup1 ***
[    0.001814] *** VALIDATE cgroup2 ***
[    0.001867] CPU: Testing write buffer coherency: ok
[    0.002296] CPU0: thread -1, cpu 0, socket 0, mpidr 80000000
[    0.002797] Setting up static identity map for 0x40100000 - 0x40100054
[    0.002903] rcu: Hierarchical SRCU implementation.
[    0.005544] smp: Bringing up secondary CPUs ...
[    0.016265] CPU1: thread -1, cpu 1, socket 0, mpidr 80000001
[    0.027095] CPU2: thread -1, cpu 2, socket 0, mpidr 80000002
[    0.037826] CPU3: thread -1, cpu 3, socket 0, mpidr 80000003
[    0.037924] smp: Brought up 1 node, 4 CPUs
[    0.037933] SMP: Total of 4 processors activated (192.00 BogoMIPS).
[    0.037937] CPU: All CPU(s) started in HYP mode.
[    0.037939] CPU: Virtualization extensions available.
[    0.038902] devtmpfs: initialized
[    0.045985] VFP support v0.3: implementor 41 architecture 2 part 30 variant 7                                                                    rev 5
[    0.046242] clocksource: jiffies: mask: 0xffffffff max_cycles: 0xffffffff, ma                                                                   x_idle_ns: 7645041785100000 ns
[    0.046283] futex hash table entries: 1024 (order: 4, 65536 bytes, linear)
[    0.050838] xor: measuring software checksum speed
[    0.089776]    arm4regs  :  1255.000 MB/sec
[    0.129827]    8regs     :   874.000 MB/sec
[    0.169885]    32regs    :   826.000 MB/sec
[    0.209937]    neon      :  1271.000 MB/sec
[    0.209942] xor: using function: neon (1271.000 MB/sec)
[    0.210004] pinctrl core: initialized pinctrl subsystem
[    0.210997] NET: Registered protocol family 16
[    0.212480] DMA: preallocated 256 KiB pool for atomic coherent allocations
[    0.212972] audit: initializing netlink subsys (disabled)
[    0.213163] audit: type=2000 audit(0.188:1): state=initialized audit_enabled=                                                                   0 res=1
[    0.213766] cpuidle: using governor ladder
[    0.213793] cpuidle: using governor menu
[    0.214299] hw-breakpoint: found 5 (+1 reserved) breakpoint and 4 watchpoint                                                                    registers.
[    0.214303] hw-breakpoint: maximum watchpoint size is 8 bytes.
[    0.231105] cryptd: max_cpu_qlen set to 1000
[    0.302251] raid6: neonx8   gen()   711 MB/s
[    0.370302] raid6: neonx8   xor()   592 MB/s
[    0.438350] raid6: neonx4   gen()   726 MB/s
[    0.506472] raid6: neonx4   xor()   616 MB/s
[    0.574581] raid6: neonx2   gen()   663 MB/s
[    0.642638] raid6: neonx2   xor()   585 MB/s
[    0.710695] raid6: neonx1   gen()   494 MB/s
[    0.778823] raid6: neonx1   xor()   468 MB/s
[    0.846958] raid6: int32x8  gen()   267 MB/s
[    0.914995] raid6: int32x8  xor()   171 MB/s
[    0.983046] raid6: int32x4  gen()   285 MB/s
[    1.051159] raid6: int32x4  xor()   195 MB/s
[    1.119399] raid6: int32x2  gen()   255 MB/s
[    1.187438] raid6: int32x2  xor()   206 MB/s
[    1.255633] raid6: int32x1  gen()   200 MB/s
[    1.323627] raid6: int32x1  xor()   177 MB/s
[    1.323632] raid6: using algorithm neonx4 gen() 726 MB/s
[    1.323635] raid6: .... xor() 616 MB/s, rmw enabled
[    1.323639] raid6: using neon recovery algorithm
[    1.324463] iommu: Default domain type: Translated
[    1.325313] SCSI subsystem initialized
[    1.325474] libata version 3.00 loaded.
[    1.325690] usbcore: registered new interface driver usbfs
[    1.325741] usbcore: registered new interface driver hub
[    1.325851] usbcore: registered new device driver usb
[    1.326177] pps_core: LinuxPPS API ver. 1 registered
[    1.326182] pps_core: Software ver. 5.3.6 - Copyright 2005-2007 Rodolfo Giome                                                                   tti <giometti@linux.it>
[    1.326197] PTP clock support registered
[    1.327052] NetLabel: Initializing
[    1.327057] NetLabel:  domain hash size = 128
[    1.327060] NetLabel:  protocols = UNLABELED CIPSOv4 CALIPSO
[    1.327147] NetLabel:  unlabeled traffic allowed by default
[    1.327989] clocksource: Switched to clocksource arch_sys_counter
[    1.426464] *** VALIDATE bpf ***
[    1.426762] VFS: Disk quotas dquot_6.6.0
[    1.426834] VFS: Dquot-cache hash table entries: 1024 (order 0, 4096 bytes)
[    1.426924] *** VALIDATE ramfs ***
[    1.434936] thermal_sys: Registered thermal governor 'fair_share'
[    1.434941] thermal_sys: Registered thermal governor 'bang_bang'
[    1.434947] thermal_sys: Registered thermal governor 'step_wise'
[    1.434951] thermal_sys: Registered thermal governor 'user_space'
[    1.434955] thermal_sys: Registered thermal governor 'power_allocator'
[    1.435514] NET: Registered protocol family 2
[    1.436295] tcp_listen_portaddr_hash hash table entries: 512 (order: 0, 6144                                                                    bytes, linear)
[    1.436338] TCP established hash table entries: 8192 (order: 3, 32768 bytes,                                                                    linear)
[    1.436431] TCP bind hash table entries: 8192 (order: 4, 65536 bytes, linear)
[    1.436542] TCP: Hash tables configured (established 8192 bind 8192)
[    1.436679] UDP hash table entries: 512 (order: 2, 16384 bytes, linear)
[    1.436731] UDP-Lite hash table entries: 512 (order: 2, 16384 bytes, linear)
[    1.436972] NET: Registered protocol family 1
[    1.437646] RPC: Registered named UNIX socket transport module.
[    1.437652] RPC: Registered udp transport module.
[    1.437656] RPC: Registered tcp transport module.
[    1.437659] RPC: Registered tcp NFSv4.1 backchannel transport module.
[    1.437668] NET: Registered protocol family 44
[    1.437994] Trying to unpack rootfs image as initramfs...
[    2.142716] Freeing initrd memory: 10088K
[    2.144024] hw perfevents: enabled with armv7_cortex_a7 PMU driver, 5 counter                                                                   s available
[    2.145202] Initialise system trusted keyrings
[    2.145263] Key type blacklist registered
[    2.145465] workingset: timestamp_bits=14 max_order=18 bucket_order=4
[    2.152250] zbud: loaded
[    2.154645] Installing knfsd (copyright (C) 1996 okir@monad.swb.de).
[    2.155556] fuse: init (API version 7.31)
[    2.155652] *** VALIDATE fuse ***
[    2.155661] *** VALIDATE fuse ***
[    2.157553] Platform Keyring initialized
[    2.194483] Key type asymmetric registered
[    2.194489] Asymmetric key parser 'x509' registered
[    2.194639] bounce: pool size: 64 pages
[    2.194715] Block layer SCSI generic (bsg) driver version 0.4 loaded (major 2                                                                   48)
[    2.194876] io scheduler mq-deadline registered
[    2.194881] io scheduler kyber registered
[    2.194941] io scheduler bfq registered
[    2.200574] sun8i-h3-pinctrl 1c20800.pinctrl: initialized sunXi PIO driver
[    2.202192] sun8i-h3-r-pinctrl 1f02c00.pinctrl: initialized sunXi PIO driver
[    2.208410] Serial: 8250/16550 driver, 8 ports, IRQ sharing disabled
[    2.210665] sun8i-h3-pinctrl 1c20800.pinctrl: 1c20800.pinctrl supply vcc-pa n                                                                   ot found, using dummy regulator
[    2.211077] printk: console [ttyS0] disabled
[    2.231251] 1c28000.serial: ttyS0 at MMIO 0x1c28000 (irq = 41, base_baud = 15                                                                   00000) is a U6_16550A
[    2.231303] printk: console [ttyS0] enabled
[    2.235579] brd: module loaded
[    2.246543] loop: module loaded
[    2.248644] libphy: Fixed MDIO Bus: probed
[    2.249113] dwmac-sun8i 1c30000.ethernet: IRQ eth_wake_irq not found
[    2.249121] dwmac-sun8i 1c30000.ethernet: IRQ eth_lpi not found
[    2.249226] dwmac-sun8i 1c30000.ethernet: PTP uses main clock
[    2.249270] dwmac-sun8i 1c30000.ethernet: 1c30000.ethernet supply phy not fou                                                                   nd, using dummy regulator
[    2.249344] dwmac-sun8i 1c30000.ethernet: 1c30000.ethernet supply phy-io not                                                                    found, using dummy regulator
[    2.249687] dwmac-sun8i 1c30000.ethernet: Current syscon value is not the def                                                                   ault 148000 (expect 58000)
[    2.249708] dwmac-sun8i 1c30000.ethernet: No HW DMA feature register supporte                                                                   d
[    2.249714] dwmac-sun8i 1c30000.ethernet: RX Checksum Offload Engine supporte                                                                   d
[    2.249720] dwmac-sun8i 1c30000.ethernet: COE Type 2
[    2.249726] dwmac-sun8i 1c30000.ethernet: TX Checksum insertion supported
[    2.249733] dwmac-sun8i 1c30000.ethernet: Normal descriptors
[    2.249738] dwmac-sun8i 1c30000.ethernet: Chain mode enabled
[    2.249917] libphy: stmmac: probed
[    2.250448] dwmac-sun8i 1c30000.ethernet: Found internal PHY node
[    2.250550] libphy: mdio_mux: probed
[    2.250568] dwmac-sun8i 1c30000.ethernet: Switch mux to internal PHY
[    2.250577] dwmac-sun8i 1c30000.ethernet: Powering internal PHY
[    2.262371] ac200: module verification failed: signature and/or required key                                                                    missing - tainting kernel
[    2.262474] ac200: Unknown symbol ac200_reg_mod (err -2)
[    2.262497] ac200: Unknown symbol ac200_reg_write (err -2)
[    2.263850] libphy: mdio_mux: probed
[    2.264897] ehci_hcd: USB 2.0 'Enhanced' Host Controller (EHCI) Driver
[    2.264931] ehci-platform: EHCI generic platform driver
[    2.265129] ehci-platform 1c1a000.usb: EHCI Host Controller
[    2.265156] ehci-platform 1c1a000.usb: new USB bus registered, assigned bus n                                                                   umber 1
[    2.265559] ehci-platform 1c1a000.usb: irq 26, io mem 0x01c1a000
[    2.280010] ehci-platform 1c1a000.usb: USB 2.0 started, EHCI 1.00
[    2.280307] usb usb1: New USB device found, idVendor=1d6b, idProduct=0002, bc                                                                   dDevice= 5.04
[    2.280316] usb usb1: New USB device strings: Mfr=3, Product=2, SerialNumber=                                                                   1
[    2.280322] usb usb1: Product: EHCI Host Controller
[    2.280328] usb usb1: Manufacturer: Linux 5.4.65-sunxi ehci_hcd
[    2.280334] usb usb1: SerialNumber: 1c1a000.usb
[    2.280931] hub 1-0:1.0: USB hub found
[    2.280975] hub 1-0:1.0: 1 port detected
[    2.281808] ohci_hcd: USB 1.1 'Open' Host Controller (OHCI) Driver
[    2.281830] ohci-platform: OHCI generic platform driver
[    2.281988] ohci-platform 1c1a400.usb: Generic Platform OHCI controller
[    2.282010] ohci-platform 1c1a400.usb: new USB bus registered, assigned bus n                                                                   umber 2
[    2.282177] ohci-platform 1c1a400.usb: irq 27, io mem 0x01c1a400
[    2.344226] usb usb2: New USB device found, idVendor=1d6b, idProduct=0001, bc                                                                   dDevice= 5.04
[    2.344234] usb usb2: New USB device strings: Mfr=3, Product=2, SerialNumber=                                                                   1
[    2.344240] usb usb2: Product: Generic Platform OHCI controller
[    2.344246] usb usb2: Manufacturer: Linux 5.4.65-sunxi ohci_hcd
[    2.344252] usb usb2: SerialNumber: 1c1a400.usb
[    2.344752] hub 2-0:1.0: USB hub found
[    2.344796] hub 2-0:1.0: 1 port detected
[    2.346081] usbcore: registered new interface driver usb-storage
[    2.347530] sun6i-rtc 1f00000.rtc: registered as rtc0
[    2.347538] sun6i-rtc 1f00000.rtc: RTC enabled
[    2.347810] i2c /dev entries driver
[    2.348098] sun8i-h3-pinctrl 1c20800.pinctrl: 1c20800.pinctrl supply vcc-pe n                                                                   ot found, using dummy regulator
[    2.348871] sun8i-h3-r-pinctrl 1f02c00.pinctrl: 1f02c00.pinctrl supply vcc-pl                                                                    not found, using dummy regulator
[    2.350610] sunxi-wdt 1c20ca0.watchdog: Watchdog enabled (timeout=16 sec, now                                                                   ayout=0)
[    2.351229] sun8i-h3-pinctrl 1c20800.pinctrl: 1c20800.pinctrl supply vcc-pf n                                                                   ot found, using dummy regulator
[    2.352510] ledtrig-cpu: registered to indicate activity on CPUs
[    2.352581] hidraw: raw HID events driver (C) Jiri Kosina
[    2.352697] usbcore: registered new interface driver usbhid
[    2.352699] usbhid: USB HID core driver
[    2.354962] Initializing XFRM netlink socket
[    2.355536] NET: Registered protocol family 10
[    2.400141] Segment Routing with IPv6
[    2.400257] NET: Registered protocol family 17
[    2.401107] Registering SWP/SWPB emulation handler
[    2.401431] registered taskstats version 1
[    2.401436] Loading compiled-in X.509 certificates
[    2.408082] Loaded X.509 cert 'Build time autogenerated kernel key: 8973c5548                                                                   c5540282bd64305f1264f201a653cc3'
[    2.408269] zswap: loaded using pool lzo/zbud
[    2.408558] Key type ._fscrypt registered
[    2.408563] Key type .fscrypt registered
[    2.412399] Btrfs loaded, crc32c=crc32c-generic
[    2.455767] Key type big_key registered
[    2.477372] Key type encrypted registered
[    2.477419] ima: No TPM chip found, activating TPM-bypass!
[    2.477449] ima: Allocated hash algorithm: sha256
[    2.477492] ima: No architecture policies found
[    2.489625] sun8i-h3-pinctrl 1c20800.pinctrl: 1c20800.pinctrl supply vcc-pg n                                                                   ot found, using dummy regulator
[    2.489928] sun4i-usb-phy 1c19400.phy: Couldn't get regulator usb0_vbus... De                                                                   ferring probe
[    2.493212] sun8i-h3-pinctrl 1c20800.pinctrl: 1c20800.pinctrl supply vcc-pf n                                                                   ot found, using dummy regulator
[    2.493710] sun8i-h3-pinctrl 1c20800.pinctrl: 1c20800.pinctrl supply vcc-pg n                                                                   ot found, using dummy regulator
[    2.493943] sun4i-usb-phy 1c19400.phy: Couldn't get regulator usb0_vbus... De                                                                   ferring probe
[    2.496895] sun8i-h3-pinctrl 1c20800.pinctrl: 1c20800.pinctrl supply vcc-pf n                                                                   ot found, using dummy regulator
[    2.497450] sun6i-rtc 1f00000.rtc: setting system clock to 1970-01-01T00:00:1                                                                   5 UTC (15)
[    2.497968] of_cfs_init
[    2.498079] of_cfs_init: OK
[    2.503252] Freeing unused kernel memory: 1024K
[    2.528210] Run /init as init process
[    2.873271] sun8i-h3-pinctrl 1c20800.pinctrl: 1c20800.pinctrl supply vcc-pg n                                                                   ot found, using dummy regulator
[    2.874903] ehci-platform 1c1b000.usb: EHCI Host Controller
[    2.874940] ehci-platform 1c1b000.usb: new USB bus registered, assigned bus n                                                                   umber 3
[    2.875925] cam500b-avdd: supplied by vcc3v3
[    2.876345] cam500b-dovdd: supplied by vcc3v3
[    2.876743] cam500b-dvdd: supplied by vcc3v3
[    2.887803] ehci-platform 1c1b000.usb: irq 28, io mem 0x01c1b000
[    2.900078] ehci-platform 1c1b000.usb: USB 2.0 started, EHCI 1.00
[    2.900388] usb usb3: New USB device found, idVendor=1d6b, idProduct=0002, bc                                                                   dDevice= 5.04
[    2.900396] usb usb3: New USB device strings: Mfr=3, Product=2, SerialNumber=                                                                   1
[    2.900403] usb usb3: Product: EHCI Host Controller
[    2.900409] usb usb3: Manufacturer: Linux 5.4.65-sunxi ehci_hcd
[    2.900415] usb usb3: SerialNumber: 1c1b000.usb
[    2.901123] hub 3-0:1.0: USB hub found
[    2.901188] hub 3-0:1.0: 1 port detected
[    2.902258] ehci-platform 1c1c000.usb: EHCI Host Controller
[    2.902292] ehci-platform 1c1c000.usb: new USB bus registered, assigned bus n                                                                   umber 4
[    2.905932] input: r_gpio_keys as /devices/platform/r_gpio_keys/input/input0
[    2.914445] ehci-platform 1c1c000.usb: irq 30, io mem 0x01c1c000
[    2.928045] ehci-platform 1c1c000.usb: USB 2.0 started, EHCI 1.00
[    2.928360] usb usb4: New USB device found, idVendor=1d6b, idProduct=0002, bc                                                                   dDevice= 5.04
[    2.928369] usb usb4: New USB device strings: Mfr=3, Product=2, SerialNumber=                                                                   1
[    2.928375] usb usb4: Product: EHCI Host Controller
[    2.928381] usb usb4: Manufacturer: Linux 5.4.65-sunxi ehci_hcd
[    2.928387] usb usb4: SerialNumber: 1c1c000.usb
[    2.929057] hub 4-0:1.0: USB hub found
[    2.929100] hub 4-0:1.0: 1 port detected
[    2.930065] ehci-platform 1c1d000.usb: EHCI Host Controller
[    2.930092] ehci-platform 1c1d000.usb: new USB bus registered, assigned bus n                                                                   umber 5
[    2.932090] ehci-platform 1c1d000.usb: irq 32, io mem 0x01c1d000
[    2.948052] ehci-platform 1c1d000.usb: USB 2.0 started, EHCI 1.00
[    2.948357] usb usb5: New USB device found, idVendor=1d6b, idProduct=0002, bc                                                                   dDevice= 5.04
[    2.948366] usb usb5: New USB device strings: Mfr=3, Product=2, SerialNumber=                                                                   1
[    2.948372] usb usb5: Product: EHCI Host Controller
[    2.948378] usb usb5: Manufacturer: Linux 5.4.65-sunxi ehci_hcd
[    2.948384] usb usb5: SerialNumber: 1c1d000.usb
[    2.949054] hub 5-0:1.0: USB hub found
[    2.949097] hub 5-0:1.0: 1 port detected
[    2.950074] ohci-platform 1c1b400.usb: Generic Platform OHCI controller
[    2.950109] ohci-platform 1c1b400.usb: new USB bus registered, assigned bus n                                                                   umber 6
[    2.950516] ohci-platform 1c1b400.usb: irq 29, io mem 0x01c1b400
[    3.012247] usb usb6: New USB device found, idVendor=1d6b, idProduct=0001, bc                                                                   dDevice= 5.04
[    3.012259] usb usb6: New USB device strings: Mfr=3, Product=2, SerialNumber=                                                                   1
[    3.012266] usb usb6: Product: Generic Platform OHCI controller
[    3.012272] usb usb6: Manufacturer: Linux 5.4.65-sunxi ohci_hcd
[    3.012278] usb usb6: SerialNumber: 1c1b400.usb
[    3.013004] hub 6-0:1.0: USB hub found
[    3.013047] hub 6-0:1.0: 1 port detected
[    3.013990] ohci-platform 1c1c400.usb: Generic Platform OHCI controller
[    3.014020] ohci-platform 1c1c400.usb: new USB bus registered, assigned bus n                                                                   umber 7
[    3.014372] ohci-platform 1c1c400.usb: irq 31, io mem 0x01c1c400
[    3.076390] usb usb7: New USB device found, idVendor=1d6b, idProduct=0001, bc                                                                   dDevice= 5.04
[    3.076400] usb usb7: New USB device strings: Mfr=3, Product=2, SerialNumber=                                                                   1
[    3.076407] usb usb7: Product: Generic Platform OHCI controller
[    3.076418] usb usb7: Manufacturer: Linux 5.4.65-sunxi ohci_hcd
[    3.076427] usb usb7: SerialNumber: 1c1c400.usb
[    3.077283] hub 7-0:1.0: USB hub found
[    3.077344] hub 7-0:1.0: 1 port detected
[    3.078432] ohci-platform 1c1d400.usb: Generic Platform OHCI controller
[    3.078475] ohci-platform 1c1d400.usb: new USB bus registered, assigned bus n                                                                   umber 8
[    3.078944] ohci-platform 1c1d400.usb: irq 33, io mem 0x01c1d400
[    3.140295] usb usb8: New USB device found, idVendor=1d6b, idProduct=0001, bc                                                                   dDevice= 5.04
[    3.140308] usb usb8: New USB device strings: Mfr=3, Product=2, SerialNumber=                                                                   1
[    3.140315] usb usb8: Product: Generic Platform OHCI controller
[    3.140321] usb usb8: Manufacturer: Linux 5.4.65-sunxi ohci_hcd
[    3.140327] usb usb8: SerialNumber: 1c1d400.usb
[    3.141109] hub 8-0:1.0: USB hub found
[    3.141178] hub 8-0:1.0: 1 port detected
[    3.142314] usb_phy_generic usb_phy_generic.1.auto: usb_phy_generic.1.auto su                                                                   pply vcc not found, using dummy regulator
[    3.142998] musb-hdrc musb-hdrc.2.auto: MUSB HDRC host driver
[    3.143032] musb-hdrc musb-hdrc.2.auto: new USB bus registered, assigned bus                                                                    number 9
[    3.143327] usb usb9: New USB device found, idVendor=1d6b, idProduct=0002, bc                                                                   dDevice= 5.04
[    3.143336] usb usb9: New USB device strings: Mfr=3, Product=2, SerialNumber=                                                                   1
[    3.143343] usb usb9: Product: MUSB HDRC host driver
[    3.143349] usb usb9: Manufacturer: Linux 5.4.65-sunxi musb-hcd
[    3.143355] usb usb9: SerialNumber: musb-hdrc.2.auto
[    3.145590] hub 9-0:1.0: USB hub found
[    3.145651] hub 9-0:1.0: 1 port detected
[    3.147160] sun8i-h3-pinctrl 1c20800.pinctrl: 1c20800.pinctrl supply vcc-pf n                                                                   ot found, using dummy regulator
[    3.158572] sunxi-mmc 1c0f000.mmc: Got CD GPIO
[    3.184011] sunxi-mmc 1c0f000.mmc: initialized, max. request size: 16384 KB
[    3.219241] mmc0: host does not support reading read-only switch, assuming wr                                                                   ite-enable
[    3.221168] mmc0: Problem switching card into high-speed mode!
[    3.221276] mmc0: new SDHC card at address 0001
[    3.222631] mmcblk0: mmc0:0001 ASTC 7.45 GiB
[    3.226858]  mmcblk0: p1
[    4.417886] random: fast init done
[    4.839167] EXT4-fs (mmcblk0p1): mounted filesystem with writeback data mode.                                                                    Opts: (null)
[    5.192898] Not activating Mandatory Access Control as /sbin/tomoyo-init does                                                                    not exist.
[    6.218735] systemd[1]: System time before build time, advancing clock.
[    6.349479] systemd[1]: Inserted module 'autofs4'
[    6.468059] systemd[1]: systemd 241 running in system mode. (+PAM +AUDIT +SEL                                                                   INUX +IMA +APPARMOR +SMACK +SYSVINIT +UTMP +LIBCRYPTSETUP +GCRYPT +GNUTLS +ACL +                                                                   XZ +LZ4 +SECCOMP +BLKID +ELFUTILS +KMOD -IDN2 +IDN -PCRE2 default-hierarchy=hybr                                                                   id)
[    6.468820] systemd[1]: Detected architecture arm.
[    6.499092] systemd[1]: Set hostname to <orangepipc>.
[    7.460811] random: systemd: uninitialized urandom read (16 bytes read)
[    7.475443] random: systemd: uninitialized urandom read (16 bytes read)
[    7.480626] systemd[1]: Created slice system-serial\x2dgetty.slice.
[    7.481252] random: systemd: uninitialized urandom read (16 bytes read)
[    7.481313] systemd[1]: Reached target System Time Synchronized.
[    7.482277] systemd[1]: Listening on udev Control Socket.
[    7.484044] systemd[1]: Created slice User and Session Slice.
[    7.484719] systemd[1]: Started Dispatch Password Requests to Console Directo                                                                   ry Watch.
[    7.485875] systemd[1]: Listening on Journal Audit Socket.
[    7.486753] systemd[1]: Listening on Journal Socket (/dev/log).
[    7.748828] EXT4-fs (mmcblk0p1): re-mounted. Opts: commit=600,errors=remount-                                                                   ro
[    7.970735] g_serial gadget: Gadget Serial v2.4
[    7.970745] g_serial gadget: g_serial ready
[    8.988361] zram: Added device: zram0
[    8.991664] zram: Added device: zram1
[    8.993807] zram: Added device: zram2
[    9.105823] mc: Linux media interface: v0.10
[    9.208252] zram1: detected capacity change from 0 to 524042240
[    9.211798] videodev: Linux video capture interface: v2.00
[    9.383206] sun4i-codec 1c22c00.codec: Failed to register our card
[    9.450643] debugfs: Directory '1c22c00.codec' with parent 'H3 Audio Codec' a                                                                   lready present!
[    9.452038] sun4i-codec 1c22c00.codec: Codec <-> 1c22c00.codec mapping ok
[    9.498229] Registered IR keymap rc-empty
[    9.498324] rc rc0: sunxi-ir as /devices/platform/soc/1f02000.ir/rc/rc0
[    9.498493] rc rc0: lirc_dev: driver sunxi-ir registered at minor = 0, raw IR                                                                    receiver, no transmitter
[    9.498619] input: sunxi-ir as /devices/platform/soc/1f02000.ir/rc/rc0/input1
[    9.498962] sunxi-ir 1f02000.ir: initialized sunXi IR driver
[    9.509021] sunxi_cedrus: module is from the staging directory, the quality i                                                                   s unknown, you have been warned.
[    9.524704] cedrus 1c0e000.video-codec: Device registered as /dev/video0
[    9.537989] sun4i-drm display-engine: bound 1100000.mixer (ops sun8i_mixer_pl                                                                   atform_driver_exit [sun8i_mixer])
[    9.538396] sun4i-drm display-engine: bound 1c0c000.lcd-controller (ops sun4i                                                                   _tcon_platform_driver_exit [sun4i_tcon])
[    9.538473] sun8i-dw-hdmi 1ee0000.hdmi: 1ee0000.hdmi supply hvcc not found, u                                                                   sing dummy regulator
[    9.539101] ov5640 0-003c: ov5640_read_reg: error: reg=300a
[    9.539109] ov5640 0-003c: ov5640_check_chip_id: failed to read chip identifi                                                                   er
[    9.552265] sun8i-dw-hdmi 1ee0000.hdmi: Detected HDMI TX controller v1.32a wi                                                                   th HDCP (sun8i_dw_hdmi_phy)
[    9.564613] sun8i-dw-hdmi 1ee0000.hdmi: registered DesignWare HDMI I2C bus dr                                                                   iver
[    9.565104] sun4i-drm display-engine: bound 1ee0000.hdmi (ops sun8i_dw_hdmi_o                                                                   ps [sun8i_drm_hdmi])
[    9.565116] [drm] Supports vblank timestamp caching Rev 2 (21.10.2013).
[    9.565119] [drm] No driver support for vblank timestamp query.
[    9.566799] [drm] Initialized sun4i-drm 1.0.0 20150629 for display-engine on                                                                    minor 0
[    9.566880] [drm] Cannot find any crtc or sizes
[    9.570284] [drm] Cannot find any crtc or sizes
[    9.759072] asoc-simple-card sound: i2s-hifi <-> 1c22800.i2s mapping ok
[   10.366014] Adding 511756k swap on /dev/zram1.  Priority:5 extents:1 across:5                                                                   11756k SSFS
[   10.642636] zram0: detected capacity change from 0 to 52428800
[   12.786655] systemd[1]: Started Orange Pi ZRAM config.
[   12.792258] systemd[1]: Starting Orange Pi memory supported logging...
[   12.927591] EXT4-fs (zram0): mounted filesystem without journal. Opts: discar                                                                   d
[   12.927637] ext4 filesystem being mounted at /var/log supports timestamps unt                                                                   il 2038 (0x7fffffff)
[   16.154787] systemd[1]: Started Orange Pi memory supported logging.
[   16.161429] systemd[1]: Starting Journal Service...
[   16.210059] random: crng init done
[   16.210071] random: 7 urandom warning(s) missed due to ratelimiting
[   16.415247] systemd[1]: Started Journal Service.
[   16.485427] systemd-journald[475]: Received request to flush runtime journal                                                                    from PID 1
[   21.042159] dwmac-sun8i 1c30000.ethernet eth0: PHY [0.1:01] driver [Generic P                                                                   HY]
[   21.046450] dwmac-sun8i 1c30000.ethernet eth0: No Safety Features support fou                                                                   nd
[   21.046469] dwmac-sun8i 1c30000.ethernet eth0: No MAC Management Counters ava                                                                   ilable
[   21.046480] dwmac-sun8i 1c30000.ethernet eth0: PTP not supported by HW
[   21.046492] dwmac-sun8i 1c30000.ethernet eth0: configuring for phy/mii link m                                                                   ode
[   33.780048] usb0-vbus: disabling
[   33.780058] vcc3v0: disabling
[   33.780063] vcc5v0: disabling
[   33.780067] cam500b-avdd: disabling
[   33.780071] cam500b-dovdd: disabling
[   33.780074] cam500b-dvdd: disabling
[   81.504054] usb 7-1: new full-speed USB device number 2 using ohci-platform
[   81.696047] usb 7-1: device descriptor read/64, error -62
[   81.996037] usb 7-1: device descriptor read/64, error -62
[   82.292040] usb 7-1: new full-speed USB device number 3 using ohci-platform
[   82.484075] usb 7-1: device descriptor read/64, error -62
[   82.784043] usb 7-1: device descriptor read/64, error -62
[   82.892181] usb usb7-port1: attempt power cycle
[   83.396045] usb 7-1: new full-speed USB device number 4 using ohci-platform
[   83.812043] usb 7-1: device not accepting address 4, error -62
[   84.000080] usb 7-1: new full-speed USB device number 5 using ohci-platform
[   84.416071] usb 7-1: device not accepting address 5, error -62
[   84.416163] usb usb7-port1: unable to enumerate USB device