[    0.000000] Booting Linux on physical CPU 0x0
[    0.000000] Linux version 5.10.103-v7l+ (dom@buildbot) (arm-linux-gnueabihf-gcc-8 (Ubuntu/Linaro 8.4.0-3ubuntu1) 8.4.0, GNU ld (GNU Binutils for Ubuntu) 2.34) #1529 SMP Tue Mar 8 12:24:00 GMT 2022
[    0.000000] CPU: ARMv7 Processor [410fd083] revision 3 (ARMv7), cr=30c5383d
[    0.000000] CPU: div instructions available: patching division code
[    0.000000] CPU: PIPT / VIPT nonaliasing data cache, PIPT instruction cache
[    0.000000] OF: fdt: Machine model: Raspberry Pi 4 Model B Rev 1.5
[    0.000000] random: fast init done
[    0.000000] Memory policy: Data cache writealloc
[    0.000000] Reserved memory: created CMA memory pool at 0x000000001ec00000, size 256 MiB
[    0.000000] OF: reserved mem: initialized node linux,cma, compatible id shared-dma-pool
[    0.000000] Zone ranges:
[    0.000000]   DMA      [mem 0x0000000000000000-0x000000002fffffff]
[    0.000000]   Normal   empty
[    0.000000]   HighMem  empty
[    0.000000] Movable zone start for each node
[    0.000000] Early memory node ranges
[    0.000000]   node   0: [mem 0x0000000000000000-0x000000002fffffff]
[    0.000000] Initmem setup node 0 [mem 0x0000000000000000-0x000000002fffffff]
[    0.000000] On node 0 totalpages: 196608
[    0.000000]   DMA zone: 1728 pages used for memmap
[    0.000000]   DMA zone: 0 pages reserved
[    0.000000]   DMA zone: 196608 pages, LIFO batch:63
[    0.000000] percpu: Embedded 20 pages/cpu s50828 r8192 d22900 u81920
[    0.000000] pcpu-alloc: s50828 r8192 d22900 u81920 alloc=20*4096
[    0.000000] pcpu-alloc: [0] 0 [0] 1 [0] 2 [0] 3 
[    0.000000] Built 1 zonelists, mobility grouping on.  Total pages: 194880
[    0.000000] Kernel command line: coherent_pool=1M 8250.nr_uarts=0 snd_bcm2835.enable_compat_alsa=0 snd_bcm2835.enable_hdmi=1 video=HDMI-A-1:1600x1200M@60,margin_left=20,margin_right=20,margin_top=20,margin_bottom=20 smsc95xx.macaddr=E4:5F:01:8E:DF:B9 vc_mem.mem_base=0x3ec00000 vc_mem.mem_size=0x40000000  console=ttyS0,115200 console=tty1 root=PARTUUID=5dca9ebd-02 rootfstype=ext4 fsck.repair=yes rootwait loglevel=3 consoleblank=0 plymouth.enable=0
[    0.000000] Dentry cache hash table entries: 131072 (order: 7, 524288 bytes, linear)
[    0.000000] Inode-cache hash table entries: 65536 (order: 6, 262144 bytes, linear)
[    0.000000] mem auto-init: stack:off, heap alloc:off, heap free:off
[    0.000000] Memory: 496892K/786432K available (10240K kernel code, 1366K rwdata, 3196K rodata, 2048K init, 882K bss, 27396K reserved, 262144K cma-reserved, 0K highmem)
[    0.000000] SLUB: HWalign=64, Order=0-3, MinObjects=0, CPUs=4, Nodes=1
[    0.000000] ftrace: allocating 34355 entries in 101 pages
[    0.000000] ftrace: allocated 101 pages with 4 groups
[    0.000000] rcu: Hierarchical RCU implementation.
[    0.000000] 	Rude variant of Tasks RCU enabled.
[    0.000000] 	Tracing variant of Tasks RCU enabled.
[    0.000000] rcu: RCU calculated value of scheduler-enlistment delay is 10 jiffies.
[    0.000000] NR_IRQS: 16, nr_irqs: 16, preallocated irqs: 16
[    0.000000] GIC: Using split EOI/Deactivate mode
[    0.000000] random: get_random_bytes called from start_kernel+0x3c8/0x59c with crng_init=1
[    0.000008] sched_clock: 32 bits at 1000kHz, resolution 1000ns, wraps every 2147483647500ns
[    0.000027] clocksource: timer: mask: 0xffffffff max_cycles: 0xffffffff, max_idle_ns: 1911260446275 ns
[    0.000090] bcm2835: system timer (irq = 25)
[    0.000751] arch_timer: cp15 timer(s) running at 54.00MHz (phys).
[    0.000770] clocksource: arch_sys_counter: mask: 0xffffffffffffff max_cycles: 0xc743ce346, max_idle_ns: 440795203123 ns
[    0.000788] sched_clock: 56 bits at 54MHz, resolution 18ns, wraps every 4398046511102ns
[    0.000803] Switching to timer-based delay loop, resolution 18ns
[    0.001071] Console: colour dummy device 80x30
[    0.001142] printk: console [tty1] enabled
[    0.001192] Calibrating delay loop (skipped), value calculated using timer frequency.. 108.00 BogoMIPS (lpj=540000)
[    0.001225] pid_max: default: 32768 minimum: 301
[    0.001395] LSM: Security Framework initializing
[    0.001588] Mount-cache hash table entries: 2048 (order: 1, 8192 bytes, linear)
[    0.001614] Mountpoint-cache hash table entries: 2048 (order: 1, 8192 bytes, linear)
[    0.003141] cgroup: Disabling memory control group subsystem
[    0.003384] CPU: Testing write buffer coherency: ok
[    0.003868] CPU0: thread -1, cpu 0, socket 0, mpidr 80000000
[    0.005100] Setting up static identity map for 0x200000 - 0x20003c
[    0.005300] rcu: Hierarchical SRCU implementation.
[    0.006241] smp: Bringing up secondary CPUs ...
[    0.007504] CPU1: thread -1, cpu 1, socket 0, mpidr 80000001
[    0.008920] CPU2: thread -1, cpu 2, socket 0, mpidr 80000002
[    0.010255] CPU3: thread -1, cpu 3, socket 0, mpidr 80000003
[    0.010413] smp: Brought up 1 node, 4 CPUs
[    0.010435] SMP: Total of 4 processors activated (432.00 BogoMIPS).
[    0.010450] CPU: All CPU(s) started in HYP mode.
[    0.010464] CPU: Virtualization extensions available.
[    0.011441] devtmpfs: initialized
[    0.026504] VFP support v0.3: implementor 41 architecture 3 part 40 variant 8 rev 0
[    0.026751] clocksource: jiffies: mask: 0xffffffff max_cycles: 0xffffffff, max_idle_ns: 19112604462750000 ns
[    0.026783] futex hash table entries: 1024 (order: 4, 65536 bytes, linear)
[    0.033641] pinctrl core: initialized pinctrl subsystem
[    0.034764] NET: Registered protocol family 16
[    0.039060] DMA: preallocated 1024 KiB pool for atomic coherent allocations
[    0.039837] audit: initializing netlink subsys (disabled)
[    0.040107] audit: type=2000 audit(0.030:1): state=initialized audit_enabled=0 res=1
[    0.040686] thermal_sys: Registered thermal governor 'step_wise'
[    0.041538] hw-breakpoint: found 5 (+1 reserved) breakpoint and 4 watchpoint registers.
[    0.041556] hw-breakpoint: maximum watchpoint size is 8 bytes.
[    0.041997] Serial: AMBA PL011 UART driver
[    0.076795] bcm2835-mbox fe00b880.mailbox: mailbox enabled
[    0.090862] raspberrypi-firmware soc:firmware: Attached to firmware from 2021-12-01T15:01:54, variant start
[    0.100876] raspberrypi-firmware soc:firmware: Firmware hash is 71bd3109023a0c8575585ba87cbb374d2eeb038f
[    0.141859] Kprobes globally optimized
[    0.147404] bcm2835-dma fe007000.dma: DMA legacy API manager, dmachans=0x1
[    0.151723] vgaarb: loaded
[    0.152193] SCSI subsystem initialized
[    0.152439] usbcore: registered new interface driver usbfs
[    0.152501] usbcore: registered new interface driver hub
[    0.152575] usbcore: registered new device driver usb
[    0.152954] usb_phy_generic phy: supply vcc not found, using dummy regulator
[    0.155005] clocksource: Switched to clocksource arch_sys_counter
[    1.103235] VFS: Disk quotas dquot_6.6.0
[    1.103333] VFS: Dquot-cache hash table entries: 1024 (order 0, 4096 bytes)
[    1.103504] FS-Cache: Loaded
[    1.103724] CacheFiles: Loaded
[    1.104812] simple-framebuffer 3e4fe000.framebuffer: framebuffer at 0x3e4fe000, 0x6fc800 bytes, mapped to 0x(ptrval)
[    1.104833] simple-framebuffer 3e4fe000.framebuffer: format=a8r8g8b8, mode=1560x1160x32, linelength=6272
[    1.105405] Console: switching to colour frame buffer device 195x72
[    1.114536] simple-framebuffer 3e4fe000.framebuffer: fb0: simplefb registered!
[    1.125535] NET: Registered protocol family 2
[    1.125795] IP idents hash table entries: 16384 (order: 5, 131072 bytes, linear)
[    1.127357] tcp_listen_portaddr_hash hash table entries: 512 (order: 0, 6144 bytes, linear)
[    1.127402] TCP established hash table entries: 8192 (order: 3, 32768 bytes, linear)
[    1.127466] TCP bind hash table entries: 8192 (order: 4, 65536 bytes, linear)
[    1.127538] TCP: Hash tables configured (established 8192 bind 8192)
[    1.127714] UDP hash table entries: 512 (order: 2, 16384 bytes, linear)
[    1.127750] UDP-Lite hash table entries: 512 (order: 2, 16384 bytes, linear)
[    1.127991] NET: Registered protocol family 1
[    1.128748] RPC: Registered named UNIX socket transport module.
[    1.128764] RPC: Registered udp transport module.
[    1.128779] RPC: Registered tcp transport module.
[    1.128794] RPC: Registered tcp NFSv4.1 backchannel transport module.
[    1.128819] PCI: CLS 0 bytes, default 64
[    1.131967] Initialise system trusted keyrings
[    1.132212] workingset: timestamp_bits=14 max_order=18 bucket_order=4
[    1.140635] zbud: loaded
[    1.142839] FS-Cache: Netfs 'nfs' registered for caching
[    1.143636] NFS: Registering the id_resolver key type
[    1.143679] Key type id_resolver registered
[    1.143695] Key type id_legacy registered
[    1.143843] nfs4filelayout_init: NFSv4 File Layout Driver Registering...
[    1.143859] nfs4flexfilelayout_init: NFSv4 Flexfile Layout Driver Registering...
[    1.144907] Key type asymmetric registered
[    1.144924] Asymmetric key parser 'x509' registered
[    1.145086] Block layer SCSI generic (bsg) driver version 0.4 loaded (major 249)
[    1.145302] io scheduler mq-deadline registered
[    1.145320] io scheduler kyber registered
[    1.150601] brcm-pcie fd500000.pcie: host bridge /scb/pcie@7d500000 ranges:
[    1.150633] brcm-pcie fd500000.pcie:   No bus range found for /scb/pcie@7d500000, using [bus 00-ff]
[    1.150714] brcm-pcie fd500000.pcie:      MEM 0x0600000000..0x063fffffff -> 0x00c0000000
[    1.150804] brcm-pcie fd500000.pcie:   IB MEM 0x0000000000..0x003fffffff -> 0x0400000000
[    1.207108] brcm-pcie fd500000.pcie: link up, 5.0 GT/s PCIe x1 (SSC)
[    1.207509] brcm-pcie fd500000.pcie: PCI host bridge to bus 0000:00
[    1.207530] pci_bus 0000:00: root bus resource [bus 00-ff]
[    1.207551] pci_bus 0000:00: root bus resource [mem 0x600000000-0x63fffffff] (bus address [0xc0000000-0xffffffff])
[    1.207646] pci 0000:00:00.0: [14e4:2711] type 01 class 0x060400
[    1.207893] pci 0000:00:00.0: PME# supported from D0 D3hot
[    1.211591] PCI: bus0: Fast back to back transfers disabled
[    1.211976] pci 0000:01:00.0: [1106:3483] type 00 class 0x0c0330
[    1.212104] pci 0000:01:00.0: reg 0x10: [mem 0x00000000-0x00000fff 64bit]
[    1.212544] pci 0000:01:00.0: PME# supported from D0 D3hot
[    1.216236] PCI: bus1: Fast back to back transfers disabled
[    1.216336] pci 0000:00:00.0: BAR 8: assigned [mem 0x600000000-0x6000fffff]
[    1.216361] pci 0000:01:00.0: BAR 0: assigned [mem 0x600000000-0x600000fff 64bit]
[    1.216446] pci 0000:00:00.0: PCI bridge to [bus 01]
[    1.216473] pci 0000:00:00.0:   bridge window [mem 0x600000000-0x6000fffff]
[    1.216927] pcieport 0000:00:00.0: enabling device (0140 -> 0142)
[    1.217156] pcieport 0000:00:00.0: PME: Signaling with IRQ 63
[    1.226628] iproc-rng200 fe104000.rng: hwrng registered
[    1.226952] vc-mem: phys_addr:0x00000000 mem_base=0x3ec00000 mem_size:0x40000000(1024 MiB)
[    1.227888] gpiomem-bcm2835 fe200000.gpiomem: Initialised: Registers at 0xfe200000
[    1.240128] brd: module loaded
[    1.252828] loop: module loaded
[    1.254700] Loading iSCSI transport class v2.0-870.
[    1.259827] bcmgenet fd580000.ethernet: GENET 5.0 EPHY: 0x0000
[    1.365152] unimac-mdio unimac-mdio.-19: Broadcom UniMAC MDIO bus
[    1.366337] usbcore: registered new interface driver r8152
[    1.366434] usbcore: registered new interface driver lan78xx
[    1.366499] usbcore: registered new interface driver smsc95xx
[    1.416894] xhci_hcd 0000:01:00.0: xHCI Host Controller
[    1.416931] xhci_hcd 0000:01:00.0: new USB bus registered, assigned bus number 1
[    1.420236] xhci_hcd 0000:01:00.0: hcc params 0x002841eb hci version 0x100 quirks 0x0000060000000890
[    1.421592] usb usb1: New USB device found, idVendor=1d6b, idProduct=0002, bcdDevice= 5.10
[    1.421612] usb usb1: New USB device strings: Mfr=3, Product=2, SerialNumber=1
[    1.421630] usb usb1: Product: xHCI Host Controller
[    1.421647] usb usb1: Manufacturer: Linux 5.10.103-v7l+ xhci-hcd
[    1.421663] usb usb1: SerialNumber: 0000:01:00.0
[    1.422433] hub 1-0:1.0: USB hub found
[    1.422546] hub 1-0:1.0: 1 port detected
[    1.423223] xhci_hcd 0000:01:00.0: xHCI Host Controller
[    1.423251] xhci_hcd 0000:01:00.0: new USB bus registered, assigned bus number 2
[    1.423276] xhci_hcd 0000:01:00.0: Host supports USB 3.0 SuperSpeed
[    1.423796] usb usb2: New USB device found, idVendor=1d6b, idProduct=0003, bcdDevice= 5.10
[    1.423815] usb usb2: New USB device strings: Mfr=3, Product=2, SerialNumber=1
[    1.423832] usb usb2: Product: xHCI Host Controller
[    1.423849] usb usb2: Manufacturer: Linux 5.10.103-v7l+ xhci-hcd
[    1.423866] usb usb2: SerialNumber: 0000:01:00.0
[    1.424576] hub 2-0:1.0: USB hub found
[    1.424648] hub 2-0:1.0: 4 ports detected
[    1.426449] dwc_otg: version 3.00a 10-AUG-2012 (platform bus)
[    1.426793] dwc_otg: FIQ enabled
[    1.426808] dwc_otg: NAK holdoff enabled
[    1.426822] dwc_otg: FIQ split-transaction FSM enabled
[    1.426841] Module dwc_common_port init
[    1.427324] usbcore: registered new interface driver uas
[    1.427434] usbcore: registered new interface driver usb-storage
[    1.427645] mousedev: PS/2 mouse device common for all mice
[    1.429669] bcm2835-wdt bcm2835-wdt: Broadcom BCM2835 watchdog timer
[    1.433133] sdhci: Secure Digital Host Controller Interface driver
[    1.433149] sdhci: Copyright(c) Pierre Ossman
[    1.433879] mmc-bcm2835 fe300000.mmcnr: could not get clk, deferring probe
[    1.434591] sdhci-pltfm: SDHCI platform and OF driver helper
[    1.438867] ledtrig-cpu: registered to indicate activity on CPUs
[    1.439315] hid: raw HID events driver (C) Jiri Kosina
[    1.439473] usbcore: registered new interface driver usbhid
[    1.439488] usbhid: USB HID core driver
[    1.446130] Initializing XFRM netlink socket
[    1.446176] NET: Registered protocol family 17
[    1.446315] Key type dns_resolver registered
[    1.446746] Registering SWP/SWPB emulation handler
[    1.446929] registered taskstats version 1
[    1.446960] Loading compiled-in X.509 certificates
[    1.447822] Key type ._fscrypt registered
[    1.447840] Key type .fscrypt registered
[    1.447856] Key type fscrypt-provisioning registered
[    1.459511] uart-pl011 fe201000.serial: there is not valid maps for state default
[    1.459827] uart-pl011 fe201000.serial: cts_event_workaround enabled
[    1.459906] fe201000.serial: ttyAMA0 at MMIO 0xfe201000 (irq = 36, base_baud = 0) is a PL011 rev2
[    1.466722] bcm2835-power bcm2835-power: Broadcom BCM2835 power domains driver
[    1.467810] mmc-bcm2835 fe300000.mmcnr: mmc_debug:0 mmc_debug2:0
[    1.467827] mmc-bcm2835 fe300000.mmcnr: DMA channel allocated
[    1.498247] of_cfs_init
[    1.498521] of_cfs_init: OK
[    1.518741] mmc1: queuing unknown CIS tuple 0x80 (2 bytes)
[    1.520431] mmc1: queuing unknown CIS tuple 0x80 (3 bytes)
[    1.522119] mmc1: queuing unknown CIS tuple 0x80 (3 bytes)
[    1.525141] mmc1: queuing unknown CIS tuple 0x80 (7 bytes)
[    1.526832] mmc1: queuing unknown CIS tuple 0x80 (3 bytes)
[    1.535307] mmc0: SDHCI controller on fe340000.mmc [fe340000.mmc] using ADMA
[    1.535990] Waiting for root device PARTUUID=5dca9ebd-02...
[    1.609903] mmc1: new high speed SDIO card at address 0001
[    1.642897] mmc0: new ultra high speed DDR50 SDXC card at address 59b4
[    1.643881] mmcblk0: mmc0:59b4 FD4Q5 119 GiB
[    1.645967]  mmcblk0: p1 p2
[    1.682121] EXT4-fs (mmcblk0p2): mounted filesystem with ordered data mode. Opts: (null)
[    1.682199] VFS: Mounted root (ext4 filesystem) readonly on device 179:2.
[    1.682804] devtmpfs: mounted
[    1.693041] Freeing unused kernel memory: 2048K
[    1.705049] usb 1-1: new high-speed USB device number 2 using xhci_hcd
[    1.725357] Run /sbin/init as init process
[    1.725373]   with arguments:
[    1.725388]     /sbin/init
[    1.725402]   with environment:
[    1.725416]     HOME=/
[    1.725430]     TERM=linux
[    1.888275] usb 1-1: New USB device found, idVendor=2109, idProduct=3431, bcdDevice= 4.21
[    1.888297] usb 1-1: New USB device strings: Mfr=0, Product=1, SerialNumber=0
[    1.888315] usb 1-1: Product: USB2.0 Hub
[    1.890387] hub 1-1:1.0: USB hub found
[    1.890653] hub 1-1:1.0: 4 ports detected
[    2.045624] usb 2-1: new SuperSpeed Gen 1 USB device number 2 using xhci_hcd
[    2.065861] systemd[1]: System time before build time, advancing clock.
[    2.076903] usb 2-1: New USB device found, idVendor=0bc2, idProduct=a013, bcdDevice= 1.00
[    2.076924] usb 2-1: New USB device strings: Mfr=2, Product=3, SerialNumber=1
[    2.076942] usb 2-1: Product: Backup+ BK
[    2.076959] usb 2-1: Manufacturer: Seagate
[    2.076976] usb 2-1: SerialNumber: NA52V56T
[    2.081328] usb-storage 2-1:1.0: USB Mass Storage device detected
[    2.082346] scsi host0: usb-storage 2-1:1.0
[    2.172215] NET: Registered protocol family 10
[    2.173722] Segment Routing with IPv6
[    2.225562] usb 2-2: new SuperSpeed Gen 1 USB device number 3 using xhci_hcd
[    2.241219] systemd[1]: systemd 241 running in system mode. (+PAM +AUDIT +SELINUX +IMA +APPARMOR +SMACK +SYSVINIT +UTMP +LIBCRYPTSETUP +GCRYPT +GNUTLS +ACL +XZ +LZ4 +SECCOMP +BLKID +ELFUTILS +KMOD -IDN2 +IDN -PCRE2 default-hierarchy=hybrid)
[    2.242334] systemd[1]: Detected architecture arm.
[    2.275137] usb 2-2: New USB device found, idVendor=05e3, idProduct=0626, bcdDevice= 6.63
[    2.275160] usb 2-2: New USB device strings: Mfr=1, Product=2, SerialNumber=0
[    2.275177] usb 2-2: Product: USB3.1 Hub
[    2.275194] usb 2-2: Manufacturer: GenesysLogic
[    2.279490] hub 2-2:1.0: USB hub found
[    2.280415] hub 2-2:1.0: 4 ports detected
[    2.296149] systemd[1]: Set hostname to <retropie>.
[    2.365152] usb 1-1.2: new high-speed USB device number 3 using xhci_hcd
[    2.498352] usb 1-1.2: New USB device found, idVendor=05e3, idProduct=0610, bcdDevice= 6.63
[    2.498380] usb 1-1.2: New USB device strings: Mfr=1, Product=2, SerialNumber=0
[    2.498407] usb 1-1.2: Product: USB2.1 Hub
[    2.498428] usb 1-1.2: Manufacturer: GenesysLogic
[    2.501117] hub 1-1.2:1.0: USB hub found
[    2.501533] hub 1-1.2:1.0: 4 ports detected
[    2.605123] usb 1-1.3: new low-speed USB device number 4 using xhci_hcd
[    2.781595] usb 1-1.3: New USB device found, idVendor=03f0, idProduct=0d4a, bcdDevice= 1.08
[    2.781619] usb 1-1.3: New USB device strings: Mfr=1, Product=2, SerialNumber=0
[    2.781637] usb 1-1.3: Product: HP USB Multimedia Keyboard
[    2.781653] usb 1-1.3: Manufacturer: Lite-On Technology Corp
[    2.793507] input: Lite-On Technology Corp HP USB Multimedia Keyboard as /devices/platform/scb/fd500000.pcie/pci0000:00/0000:00:00.0/0000:01:00.0/usb1/1-1/1-1.3/1-1.3:1.0/0003:03F0:0D4A.0001/input/input0
[    2.828433] systemd[1]: /lib/systemd/system/smbd.service:9: PIDFile= references path below legacy directory /var/run/, updating /var/run/samba/smbd.pid → /run/samba/smbd.pid; please update the unit file accordingly.
[    2.866032] hid-generic 0003:03F0:0D4A.0001: input,hidraw0: USB HID v1.11 Keyboard [Lite-On Technology Corp HP USB Multimedia Keyboard] on usb-0000:01:00.0-1.3/input0
[    2.867640] systemd[1]: /lib/systemd/system/nmbd.service:9: PIDFile= references path below legacy directory /var/run/, updating /var/run/samba/nmbd.pid → /run/samba/nmbd.pid; please update the unit file accordingly.
[    2.875054] input: Lite-On Technology Corp HP USB Multimedia Keyboard Consumer Control as /devices/platform/scb/fd500000.pcie/pci0000:00/0000:00:00.0/0000:01:00.0/usb1/1-1/1-1.3/1-1.3:1.1/0003:03F0:0D4A.0002/input/input1
[    2.905081] usb 1-1.2.1: new low-speed USB device number 5 using xhci_hcd
[    2.955576] input: Lite-On Technology Corp HP USB Multimedia Keyboard System Control as /devices/platform/scb/fd500000.pcie/pci0000:00/0000:00:00.0/0000:01:00.0/usb1/1-1/1-1.3/1-1.3:1.1/0003:03F0:0D4A.0002/input/input2
[    2.955969] hid-generic 0003:03F0:0D4A.0002: input,hidraw1: USB HID v1.11 Device [Lite-On Technology Corp HP USB Multimedia Keyboard] on usb-0000:01:00.0-1.3/input1
[    2.960549] random: systemd: uninitialized urandom read (16 bytes read)
[    2.974669] random: systemd: uninitialized urandom read (16 bytes read)
[    2.975930] systemd[1]: Listening on Journal Socket (/dev/log).
[    2.976651] random: systemd: uninitialized urandom read (16 bytes read)
[    2.977321] systemd[1]: Listening on udev Control Socket.
[    2.980888] systemd[1]: Created slice system-getty.slice.
[    2.982084] systemd[1]: Listening on Journal Socket.
[    2.987617] systemd[1]: Mounting Kernel Debug File System...
[    3.065777] usb 1-1.2.1: New USB device found, idVendor=093a, idProduct=2510, bcdDevice= 1.00
[    3.065802] usb 1-1.2.1: New USB device strings: Mfr=1, Product=2, SerialNumber=0
[    3.065820] usb 1-1.2.1: Product: USB Optical Mouse
[    3.065837] usb 1-1.2.1: Manufacturer: PixArt
[    3.082248] input: PixArt USB Optical Mouse as /devices/platform/scb/fd500000.pcie/pci0000:00/0000:00:00.0/0000:01:00.0/usb1/1-1/1-1.2/1-1.2.1/1-1.2.1:1.0/0003:093A:2510.0003/input/input3
[    3.084110] hid-generic 0003:093A:2510.0003: input,hidraw2: USB HID v1.11 Mouse [PixArt USB Optical Mouse] on usb-0000:01:00.0-1.2.1/input0
[    3.116071] scsi 0:0:0:0: Direct-Access     Seagate  Backup+ BK       0409 PQ: 0 ANSI: 6
[    3.117989] sd 0:0:0:0: [sda] 1953525167 512-byte logical blocks: (1.00 TB/932 GiB)
[    3.119108] sd 0:0:0:0: [sda] Write Protect is off
[    3.119132] sd 0:0:0:0: [sda] Mode Sense: 4f 00 00 00
[    3.120258] sd 0:0:0:0: [sda] Write cache: enabled, read cache: enabled, doesn't support DPO or FUA
[    3.155138] usb 1-1.4: new low-speed USB device number 6 using xhci_hcd
[    3.292285] usb 1-1.4: New USB device found, idVendor=1241, idProduct=1122, bcdDevice= 1.00
[    3.292311] usb 1-1.4: New USB device strings: Mfr=0, Product=0, SerialNumber=0
[    3.296981]  sda: sda1 sda2
[    3.302614] sd 0:0:0:0: [sda] Attached SCSI disk
[    3.303160] input: HID 1241:1122 as /devices/platform/scb/fd500000.pcie/pci0000:00/0000:00:00.0/0000:01:00.0/usb1/1-1/1-1.4/1-1.4:1.0/0003:1241:1122.0004/input/input4
[    3.307990] hid-generic 0003:1241:1122.0004: input,hidraw3: USB HID v1.00 Mouse [HID 1241:1122] on usb-0000:01:00.0-1.4/input0
[    3.405127] usb 1-1.2.2: new low-speed USB device number 7 using xhci_hcd
[    3.569300] usb 1-1.2.2: New USB device found, idVendor=d209, idProduct=1500, bcdDevice= 0.01
[    3.569325] usb 1-1.2.2: New USB device strings: Mfr=1, Product=2, SerialNumber=3
[    3.569343] usb 1-1.2.2: Product: LED Controller
[    3.569360] usb 1-1.2.2: Manufacturer: Ultimarc
[    3.569377] usb 1-1.2.2: SerialNumber: 1
[    3.583139] input: Ultimarc LED Controller as /devices/platform/scb/fd500000.pcie/pci0000:00/0000:00:00.0/0000:01:00.0/usb1/1-1/1-1.2/1-1.2.2/1-1.2.2:1.0/0003:D209:1500.0005/input/input5
[    3.645695] hid-generic 0003:D209:1500.0005: input,hidraw4: USB HID v1.11 Device [Ultimarc LED Controller] on usb-0000:01:00.0-1.2.2/input0
[    3.785084] usb 1-1.2.3: new full-speed USB device number 8 using xhci_hcd
[    3.880979] EXT4-fs (mmcblk0p2): re-mounted. Opts: (null)
[    3.948227] usb 1-1.2.3: New USB device found, idVendor=d209, idProduct=15a2, bcdDevice= 0.39
[    3.948252] usb 1-1.2.3: New USB device strings: Mfr=3, Product=2, SerialNumber=1
[    3.948273] usb 1-1.2.3: Product: SpinTrak
[    3.948290] usb 1-1.2.3: Manufacturer: Ultimarc
[    3.948307] usb 1-1.2.3: SerialNumber: 6
[    3.963233] systemd-journald[125]: Received request to flush runtime journal from PID 1
[    3.976231] input: Ultimarc SpinTrak as /devices/platform/scb/fd500000.pcie/pci0000:00/0000:00:00.0/0000:01:00.0/usb1/1-1/1-1.2/1-1.2.3/1-1.2.3:1.0/0003:D209:15A2.0006/input/input6
[    3.976816] hid-generic 0003:D209:15A2.0006: input,hidraw5: USB HID v1.11 Mouse [Ultimarc SpinTrak] on usb-0000:01:00.0-1.2.3/input0
[    4.105067] usb 1-1.2.4: new full-speed USB device number 9 using xhci_hcd
[    4.278277] usb 1-1.2.4: New USB device found, idVendor=d209, idProduct=0511, bcdDevice= 0.37
[    4.278303] usb 1-1.2.4: New USB device strings: Mfr=4, Product=5, SerialNumber=6
[    4.278322] usb 1-1.2.4: Product: Ultimarc Ultra-Stik Player 1
[    4.278339] usb 1-1.2.4: Manufacturer: Ultimarc UltraStik
[    4.278356] usb 1-1.2.4: SerialNumber: 1
[    4.290260] input: Ultimarc UltraStik Ultimarc Ultra-Stik Player 1 as /devices/platform/scb/fd500000.pcie/pci0000:00/0000:00:00.0/0000:01:00.0/usb1/1-1/1-1.2/1-1.2.4/1-1.2.4:1.0/0003:D209:0511.0007/input/input7
[    4.290742] hid-generic 0003:D209:0511.0007: input,hidraw6: USB HID v1.11 Joystick [Ultimarc UltraStik Ultimarc Ultra-Stik Player 1] on usb-0000:01:00.0-1.2.4/input0
[    4.298567] input: Ultimarc UltraStik Ultimarc Ultra-Stik Player 1 as /devices/platform/scb/fd500000.pcie/pci0000:00/0000:00:00.0/0000:01:00.0/usb1/1-1/1-1.2/1-1.2.4/1-1.2.4:1.1/0003:D209:0511.0008/input/input8
[    4.299282] hid-generic 0003:D209:0511.0008: input,hidraw7: USB HID v1.11 Mouse [Ultimarc UltraStik Ultimarc Ultra-Stik Player 1] on usb-0000:01:00.0-1.2.4/input1
[    4.300490] sd 0:0:0:0: Attached scsi generic sg0 type 0
[    4.306610] input: Ultimarc UltraStik Ultimarc Ultra-Stik Player 1 as /devices/platform/scb/fd500000.pcie/pci0000:00/0000:00:00.0/0000:01:00.0/usb1/1-1/1-1.2/1-1.2.4/1-1.2.4:1.2/0003:D209:0511.0009/input/input9
[    4.375712] hid-generic 0003:D209:0511.0009: input,hidraw8: USB HID v1.11 Device [Ultimarc UltraStik Ultimarc Ultra-Stik Player 1] on usb-0000:01:00.0-1.2.4/input2
[    4.623543] input: gpio_keys as /devices/platform/gpio_keys/input/input10
[    4.913724] checking generic (3e4fe000 6fc800) vs hw (0 ffffffffffffffff)
[    4.913750] fb0: switching to vc4drmfb from simple
[    4.917419] Console: switching to colour dummy device 80x30
[    4.921270] vc4-drm gpu: bound fe600000.firmwarekms (ops vc4_fkms_ops [vc4])
[    4.922235] [drm] Initialized vc4 0.0.0 20140616 for gpu on minor 0
[    4.954641] snd_bcm2835: module is from the staging directory, the quality is unknown, you have been warned.
[    4.968602] mc: Linux media interface: v0.10
[    4.994325] videodev: Linux video capture interface: v2.00
[    5.026247] vc_sm_cma: module is from the staging directory, the quality is unknown, you have been warned.
[    5.028520] bcm2835_vc_sm_cma_probe: Videocore shared memory driver
[    5.028541] [vc_sm_connected_init]: start
[    5.034635] vc_sm_cma: module is from the staging directory, the quality is unknown, you have been warned.
[    5.037326] vc_sm_cma: module is from the staging directory, the quality is unknown, you have been warned.
[    5.038507] [vc_sm_connected_init]: installed successfully
[    5.040886] bcm2835_mmal_vchiq: module is from the staging directory, the quality is unknown, you have been warned.
[    5.043183] bcm2835_mmal_vchiq: module is from the staging directory, the quality is unknown, you have been warned.
[    5.048285] bcm2835_v4l2: module is from the staging directory, the quality is unknown, you have been warned.
[    5.051269] bcm2835_isp: module is from the staging directory, the quality is unknown, you have been warned.
[    5.093077] bcm2835-isp bcm2835-isp: Device node output[0] registered as /dev/video13
[    5.093681] bcm2835-isp bcm2835-isp: Device node capture[0] registered as /dev/video14
[    5.094118] bcm2835-isp bcm2835-isp: Device node capture[1] registered as /dev/video15
[    5.094474] bcm2835-isp bcm2835-isp: Device node stats[2] registered as /dev/video16
[    5.094502] bcm2835-isp bcm2835-isp: Register output node 0 with media controller
[    5.094523] bcm2835-isp bcm2835-isp: Register capture node 1 with media controller
[    5.094543] bcm2835-isp bcm2835-isp: Register capture node 2 with media controller
[    5.094563] bcm2835-isp bcm2835-isp: Register capture node 3 with media controller
[    5.094799] bcm2835-isp bcm2835-isp: Loaded V4L2 bcm2835-isp
[    5.096953] Console: switching to colour frame buffer device 200x75
[    5.101365] bcm2835_audio bcm2835_audio: card created with 4 channels
[    5.104109] bcm2835_audio bcm2835_audio: card created with 4 channels
[    5.122118] vc4-drm gpu: [drm] fb0: vc4drmfb frame buffer device
[    5.126250] bcm2835_codec: module is from the staging directory, the quality is unknown, you have been warned.
[    5.255128] bcm2835-codec bcm2835-codec: Device registered as /dev/video10
[    5.255258] bcm2835-codec bcm2835-codec: Loaded V4L2 decode
[    5.335804] cfg80211: Loading compiled-in X.509 certificates for regulatory database
[    5.352402] bcm2835-codec bcm2835-codec: Device registered as /dev/video11
[    5.352471] bcm2835-codec bcm2835-codec: Loaded V4L2 encode
[    5.361115] bcm2835-codec bcm2835-codec: Device registered as /dev/video12
[    5.361165] bcm2835-codec bcm2835-codec: Loaded V4L2 isp
[    5.367158] bcm2835-codec bcm2835-codec: Device registered as /dev/video18
[    5.367205] bcm2835-codec bcm2835-codec: Loaded V4L2 image_fx
[    5.378062] cfg80211: Loaded X.509 cert 'sforshee: 00b28ddf47aef9cea7'
[    5.432207] brcmfmac: F1 signature read @0x18000000=0x15264345
[    5.451616] brcmfmac: brcmf_fw_alloc_request: using brcm/brcmfmac43455-sdio for chip BCM4345/6
[    5.452690] usbcore: registered new interface driver brcmfmac
[    5.518634] rpivid-mem feb00000.hevc-decoder: rpivid-hevcmem initialised: Registers at 0xfeb00000 length 0x00010000
[    5.519335] rpivid-mem feb10000.rpivid-local-intc: rpivid-intcmem initialised: Registers at 0xfeb10000 length 0x00001000
[    5.520087] rpivid-mem feb20000.h264-decoder: rpivid-h264mem initialised: Registers at 0xfeb20000 length 0x00010000
[    5.520946] rpivid-mem feb30000.vp9-decoder: rpivid-vp9mem initialised: Registers at 0xfeb30000 length 0x00010000
[    5.722815] brcmfmac: brcmf_fw_alloc_request: using brcm/brcmfmac43455-sdio for chip BCM4345/6
[    5.722976] brcmfmac: brcmf_fw_alloc_request: using brcm/brcmfmac43455-sdio for chip BCM4345/6
[    5.728997] [drm] Initialized v3d 1.0.0 20180419 for fec00000.v3d on minor 1
[    5.735764] brcmfmac: brcmf_c_preinit_dcmds: Firmware: BCM4345/6 wl0: Jan  4 2021 19:56:29 version 7.45.229 (617f1f5 CY) FWID 01-2dbd9d2e
[    7.276737] 8021q: 802.1Q VLAN Support v1.8
[    7.483236] bcmgenet fd580000.ethernet: configuring instance for external RGMII (RX delay)
[    7.484253] bcmgenet fd580000.ethernet eth0: Link is Down
[    7.504944] random: crng init done
[    7.504963] random: 7 urandom warning(s) missed due to ratelimiting
[    7.513302] uart-pl011 fe201000.serial: no DMA platform data
[    7.863936] fuse: init (API version 7.32)
[    8.027001] Adding 102396k swap on /var/swap.  Priority:-2 extents:1 across:102396k SSFS
[    8.750223] brcmfmac: brcmf_cfg80211_set_power_mgmt: power save enabled
[   12.326824] FAT-fs (sda1): Volume was not properly unmounted. Some data may be corrupt. Please run fsck.
[   14.386249] Bluetooth: Core ver 2.22
[   14.386371] NET: Registered protocol family 31
[   14.386388] Bluetooth: HCI device and connection manager initialized
[   14.386423] Bluetooth: HCI socket layer initialized
[   14.386447] Bluetooth: L2CAP socket layer initialized
[   14.386496] Bluetooth: SCO socket layer initialized
[   14.395490] Bluetooth: HCI UART driver ver 2.3
[   14.395515] Bluetooth: HCI UART protocol H4 registered
[   14.395636] Bluetooth: HCI UART protocol Three-wire (H5) registered
[   14.395988] Bluetooth: HCI UART protocol Broadcom registered
[   14.560088] Bluetooth: BNEP (Ethernet Emulation) ver 1.3
[   14.560097] Bluetooth: BNEP filters: protocol multicast
[   14.560110] Bluetooth: BNEP socket layer initialized
[   14.800264] IPv6: ADDRCONF(NETDEV_CHANGE): wlan0: link becomes ready